c:\users\rkddl\desktop\mywork\study-cplus-tcp_unreal_server\server\gameserver\x64\debug\gameserver.pch
c:\users\rkddl\desktop\mywork\study-cplus-tcp_unreal_server\server\gameserver\x64\debug\vc143.pdb
c:\users\rkddl\desktop\mywork\study-cplus-tcp_unreal_server\server\gameserver\x64\debug\vc143.idb
c:\users\rkddl\desktop\mywork\study-cplus-tcp_unreal_server\server\gameserver\x64\debug\pch.obj
c:\users\rkddl\desktop\mywork\study-cplus-tcp_unreal_server\server\gameserver\x64\debug\struct.pb.obj
c:\users\rkddl\desktop\mywork\study-cplus-tcp_unreal_server\server\gameserver\x64\debug\protocol.pb.obj
c:\users\rkddl\desktop\mywork\study-cplus-tcp_unreal_server\server\gameserver\x64\debug\enum.pb.obj
c:\users\rkddl\desktop\mywork\study-cplus-tcp_unreal_server\server\gameserver\x64\debug\serverpackethandler.obj
c:\users\rkddl\desktop\mywork\study-cplus-tcp_unreal_server\server\gameserver\x64\debug\room.obj
c:\users\rkddl\desktop\mywork\study-cplus-tcp_unreal_server\server\gameserver\x64\debug\player.obj
c:\users\rkddl\desktop\mywork\study-cplus-tcp_unreal_server\server\gameserver\x64\debug\gamesessionmanager.obj
c:\users\rkddl\desktop\mywork\study-cplus-tcp_unreal_server\server\gameserver\x64\debug\gamesession.obj
c:\users\rkddl\desktop\mywork\study-cplus-tcp_unreal_server\server\gameserver\x64\debug\gameserver.obj
c:\users\rkddl\desktop\mywork\study-cplus-tcp_unreal_server\server\_binary\debug\gameserver.exe
c:\users\rkddl\desktop\mywork\study-cplus-tcp_unreal_server\server\_binary\debug\gameserver.pdb
c:\users\rkddl\desktop\mywork\study-cplus-tcp_unreal_server\server\gameserver\x64\debug\gameserver.ilk
c:\users\rkddl\desktop\mywork\study-cplus-tcp_unreal_server\server\gameserver\x64\debug\gameserver.tlog\cl.command.1.tlog
c:\users\rkddl\desktop\mywork\study-cplus-tcp_unreal_server\server\gameserver\x64\debug\gameserver.tlog\cl.items.tlog
c:\users\rkddl\desktop\mywork\study-cplus-tcp_unreal_server\server\gameserver\x64\debug\gameserver.tlog\cl.read.1.tlog
c:\users\rkddl\desktop\mywork\study-cplus-tcp_unreal_server\server\gameserver\x64\debug\gameserver.tlog\cl.write.1.tlog
c:\users\rkddl\desktop\mywork\study-cplus-tcp_unreal_server\server\gameserver\x64\debug\gameserver.tlog\link.command.1.tlog
c:\users\rkddl\desktop\mywork\study-cplus-tcp_unreal_server\server\gameserver\x64\debug\gameserver.tlog\link.read.1.tlog
c:\users\rkddl\desktop\mywork\study-cplus-tcp_unreal_server\server\gameserver\x64\debug\gameserver.tlog\link.secondary.1.tlog
c:\users\rkddl\desktop\mywork\study-cplus-tcp_unreal_server\server\gameserver\x64\debug\gameserver.tlog\link.write.1.tlog
